// Jest Snapshot v1, https://goo.gl/fbAQLP

exports[`MyEvents renders correctly 1`] = `
<div
  className="events"
>
  <h3
    className="events-title"
  >
     My Events
  </h3>
  <div
    className="navigate-events"
  >
    <a
      href="#event-cards-voted"
      onClick={[Function]}
    >
      <button>
        Voting finished
      </button>
    </a>
    <a
      href="#event-cards-pending"
      onClick={[Function]}
    >
      <button>
        Voting in progress
      </button>
    </a>
    <div
      className="join-create-buttons"
    >
      <button
        className="join-event-button"
        onClick={[Function]}
      >
        Join Event
      </button>
      <button
        className="create-event-button"
        onClick={[Function]}
      >
        Create Event
      </button>
    </div>
  </div>
  <div
    className="event-cards"
  >
    <div
      className="event-cards-voted"
      id="event-cards-voted"
    >
      <div
        className="voted-title"
      >
        Voting Finished
      </div>
    </div>
    <div
      className="event-cards-pending"
      id="event-cards-pending"
    >
      <div
        className="pending-title"
      >
        Voting In Progress
      </div>
    </div>
  </div>
</div>
`;
