// Jest Snapshot v1, https://goo.gl/fbAQLP

exports[`MyEvents renders correctly 1`] = `
<div
  className="events page"
>
  <h3
    className="events-title page-title"
  >
     My Events
  </h3>
  <div
    className="navigate-events"
  >
    <div
      className="no-events-msg subtitle"
    >
      No events yet.
    </div>
    <div
      className="join-create-buttons"
    >
      <button
        className="join-event-button link-button"
        onClick={[Function]}
      >
        Join Event
      </button>
      <button
        className="create-event-button link-button"
        onClick={[Function]}
      >
        Create Event
      </button>
    </div>
  </div>
  <div
    className="event-cards"
  >
    <div
      className="event-cards-voted"
      id="event-cards-voted"
    />
    <div
      className="event-cards-pending"
      id="event-cards-pending"
    />
  </div>
</div>
`;
